// Jest Snapshot v1, https://goo.gl/fbAQLP

exports[`PostCard component should render correctly - snapshot 1`] = `""`;
