// Jest Snapshot v1, https://goo.gl/fbAQLP

exports[`Slider component should render correctly - snapshot 1`] = `""`;
